=== TESTING /rental-spaces-available ENDPOINT ===

Endpoint Response:
Success: YES
Total returned: 56

   ErrorException 

  Undefined array key "meta"

  at test_available_endpoint.php:25
     21Γûò 
     22Γûò echo "Endpoint Response:\n";
     23Γûò echo "Success: " . ($data['success'] ? 'YES' : 'NO') . "\n";
     24Γûò echo "Total returned: " . count($data['data']['data']) . "\n";
  Γ₧£  25Γûò echo "Per page from meta: " . $data['data']['meta']['per_page'] . "\n";
     26Γûò echo "Total in database: " . $data['data']['meta']['total'] . "\n\n";
     27Γûò 
     28Γûò // Count available vs occupied in response
     29Γûò $available = 0;

  1   test_available_endpoint.php:25
      Illuminate\Foundation\Bootstrap\HandleExceptions::Illuminate\Foundation\Bootstrap\{closure}("Undefined array key "meta"", "C:\xampp\htdocs\backend_contract\test_available_endpoint.php")

